// Jest Snapshot v1, https://goo.gl/fbAQLP

exports[`CompetitionList.vue renders competition list 1`] = `
<div>
  <div
    class="row"
  >
    <div
      class="col"
    >
      <h3>
        competition.competition
      </h3>
    </div>
     
    <!---->
  </div>
   
  <div
    class="row"
  >
    <div
      class="col"
    >
      <!---->
    </div>
  </div>
   
  <div
    class="row"
  >
    <div
      class="col"
    >
      <!---->
       
      <table
        aria-busy="false"
        aria-colcount="5"
        class="table b-table table-hover"
        id="__BVID__7"
        role="table"
      >
        <!---->
        <!---->
        <thead
          class=""
          role="rowgroup"
        >
          <!---->
          <tr
            class=""
            role="row"
          >
            <th
              aria-colindex="1"
              class=""
              role="columnheader"
              scope="col"
            >
              <div>
                date
              </div>
            </th>
            <th
              aria-colindex="2"
              class="d-none d-md-table-cell"
              role="columnheader"
              scope="col"
            >
              <div>
                competition.type
              </div>
            </th>
            <th
              aria-colindex="3"
              class="d-md-none"
              role="columnheader"
              scope="col"
            >
              <div>
                competition.type
              </div>
            </th>
            <th
              aria-colindex="4"
              class="d-none d-md-table-cell"
              role="columnheader"
              scope="col"
            >
              <div>
                competition.level
              </div>
            </th>
            <th
              aria-colindex="5"
              class="d-md-none"
              role="columnheader"
              scope="col"
            >
              <div>
                competition.level
              </div>
            </th>
          </tr>
        </thead>
        <tbody
          role="rowgroup"
        >
          <!---->
          <tr
            class=""
            role="row"
            tabindex="0"
          >
            <td
              aria-colindex="1"
              class=""
              role="cell"
            >
              <div>
                
            2019-02-23
          
              </div>
            </td>
            <td
              aria-colindex="2"
              class="d-none d-md-table-cell"
              role="cell"
            >
              10m Competition
            </td>
            <td
              aria-colindex="3"
              class="d-md-none"
              role="cell"
            >
              10MC
            </td>
            <td
              aria-colindex="4"
              class="d-none d-md-table-cell"
              role="cell"
            >
              European Championships
            </td>
            <td
              aria-colindex="5"
              class="d-md-none"
              role="cell"
            >
              EC
            </td>
          </tr>
          <tr
            class=""
            role="row"
            tabindex="0"
          >
            <td
              aria-colindex="1"
              class=""
              role="cell"
            >
              <div>
                
            2019-02-24
          
              </div>
            </td>
            <td
              aria-colindex="2"
              class="d-none d-md-table-cell"
              role="cell"
            >
              50m Competition
            </td>
            <td
              aria-colindex="3"
              class="d-md-none"
              role="cell"
            >
              50MC
            </td>
            <td
              aria-colindex="4"
              class="d-none d-md-table-cell"
              role="cell"
            >
              National Championships
            </td>
            <td
              aria-colindex="5"
              class="d-md-none"
              role="cell"
            >
              NC
            </td>
          </tr>
          <!---->
          <!---->
        </tbody>
        <!---->
      </table>
       
      <div
        style="display: none;"
      >
        <span
          class="spinner-border"
          role="status"
        >
          <span
            class="sr-only"
          >
            Loading...
          </span>
        </span>
      </div>
    </div>
  </div>
</div>
`;
