// Jest Snapshot v1, https://goo.gl/fbAQLP

exports[`CompetitionResults.vue renders result list 1`] = `
<div>
  <div
    class="row"
  >
    <div
      class="col"
    >
      <h3>
        result.result
      </h3>
    </div>
     
    <!---->
  </div>
   
  <div
    class="row"
  >
    <div
      class="col"
    >
      <!---->
    </div>
  </div>
   
  <div
    class="row"
  >
    <div
      class="col"
    >
      <div
        style="display: none;"
      >
        <span
          class="spinner-border"
          role="status"
        >
          <span
            class="sr-only"
          >
            Loading...
          </span>
        </span>
      </div>
       
      <div>
        <h4
          class="bg-sal-orange"
        >
          
          N
        
        </h4>
         
        <div>
          <h5>
            <div>
              
              result.final
            
            </div>
          </h5>
           
          <div
            class="table-responsive-sm"
          >
            <table
              aria-busy="false"
              aria-colcount="5"
              class="table b-table table-hover table-sm"
              id="__BVID__9"
              role="table"
            >
              <!---->
              <!---->
              <thead
                class=""
                role="rowgroup"
              >
                <!---->
                <tr
                  class=""
                  role="row"
                >
                  <th
                    aria-colindex="1"
                    aria-sort="ascending"
                    class=""
                    role="columnheader"
                    scope="col"
                    tabindex="0"
                  >
                    <div>
                      #
                    </div>
                    <span
                      class="sr-only"
                    >
                       (Click to sort Descending)
                    </span>
                  </th>
                  <th
                    aria-colindex="2"
                    aria-sort="none"
                    class=""
                    role="columnheader"
                    scope="col"
                    tabindex="0"
                  >
                    <div>
                      athlete.athlete
                    </div>
                    <span
                      class="sr-only"
                    >
                       (Click to sort Ascending)
                    </span>
                  </th>
                  <th
                    aria-colindex="3"
                    aria-sort="none"
                    class=""
                    role="columnheader"
                    scope="col"
                    tabindex="0"
                  >
                    <div>
                      athlete.club
                    </div>
                    <span
                      class="sr-only"
                    >
                       (Click to sort Ascending)
                    </span>
                  </th>
                  <th
                    aria-colindex="4"
                    aria-sort="none"
                    class="d-none d-md-table-cell"
                    role="columnheader"
                    scope="col"
                    tabindex="0"
                  >
                    <div>
                      F1
                    </div>
                    <span
                      class="sr-only"
                    >
                       (Click to sort Ascending)
                    </span>
                  </th>
                  <th
                    aria-colindex="5"
                    aria-sort="none"
                    class=""
                    role="columnheader"
                    scope="col"
                    tabindex="0"
                  >
                    <div>
                      Result
                    </div>
                    <span
                      class="sr-only"
                    >
                       (Click to sort Ascending)
                    </span>
                  </th>
                </tr>
              </thead>
              <tbody
                role="rowgroup"
              >
                <!---->
                <tr
                  class=""
                  role="row"
                  tabindex="0"
                >
                  <td
                    aria-colindex="1"
                    class=""
                    role="cell"
                  >
                    
              1
            
                  </td>
                  <td
                    aria-colindex="2"
                    class=""
                    role="cell"
                  >
                    <div>
                      
                Sara
                Huff
              
                    </div>
                  </td>
                  <td
                    aria-colindex="3"
                    class=""
                    role="cell"
                  >
                    Club
                  </td>
                  <td
                    aria-colindex="4"
                    class="d-none d-md-table-cell"
                    role="cell"
                  >
                    <div>
                      
                49,2
              
                    </div>
                  </td>
                  <td
                    aria-colindex="5"
                    class=""
                    role="cell"
                  >
                    <div>
                      
                442,2
              
                    </div>
                  </td>
                </tr>
                <tr
                  class=""
                  role="row"
                  tabindex="0"
                >
                  <td
                    aria-colindex="1"
                    class=""
                    role="cell"
                  >
                    
              2
            
                  </td>
                  <td
                    aria-colindex="2"
                    class=""
                    role="cell"
                  >
                    <div>
                      
                Phyllis
                Miller
              
                    </div>
                  </td>
                  <td
                    aria-colindex="3"
                    class=""
                    role="cell"
                  >
                    ABC
                  </td>
                  <td
                    aria-colindex="4"
                    class="d-none d-md-table-cell"
                    role="cell"
                  >
                    <div>
                      
                48,9
              
                    </div>
                  </td>
                  <td
                    aria-colindex="5"
                    class=""
                    role="cell"
                  >
                    <div>
                      
                436,1
              
                    </div>
                  </td>
                </tr>
                <!---->
                <!---->
              </tbody>
              <!---->
            </table>
          </div>
        </div>
        <div>
          <h5>
            <div>
              
              result.preliminary
            
            </div>
          </h5>
           
          <div
            class="table-responsive-sm"
          >
            <table
              aria-busy="false"
              aria-colcount="9"
              class="table b-table table-hover table-sm"
              id="__BVID__20"
              role="table"
            >
              <!---->
              <!---->
              <thead
                class=""
                role="rowgroup"
              >
                <!---->
                <tr
                  class=""
                  role="row"
                >
                  <th
                    aria-colindex="1"
                    aria-sort="none"
                    class=""
                    role="columnheader"
                    scope="col"
                    tabindex="0"
                  >
                    <div>
                      #
                    </div>
                    <span
                      class="sr-only"
                    >
                       (Click to sort Ascending)
                    </span>
                  </th>
                  <th
                    aria-colindex="2"
                    aria-sort="none"
                    class=""
                    role="columnheader"
                    scope="col"
                    tabindex="0"
                  >
                    <div>
                      athlete.athlete
                    </div>
                    <span
                      class="sr-only"
                    >
                       (Click to sort Ascending)
                    </span>
                  </th>
                  <th
                    aria-colindex="3"
                    aria-sort="none"
                    class=""
                    role="columnheader"
                    scope="col"
                    tabindex="0"
                  >
                    <div>
                      athlete.club
                    </div>
                    <span
                      class="sr-only"
                    >
                       (Click to sort Ascending)
                    </span>
                  </th>
                  <th
                    aria-colindex="4"
                    aria-sort="none"
                    class="d-none d-md-table-cell"
                    role="columnheader"
                    scope="col"
                    tabindex="0"
                  >
                    <div>
                      result.position
                    </div>
                    <span
                      class="sr-only"
                    >
                       (Click to sort Ascending)
                    </span>
                  </th>
                  <th
                    aria-colindex="5"
                    aria-sort="none"
                    class="d-none d-lg-table-cell"
                    role="columnheader"
                    scope="col"
                    tabindex="0"
                  >
                    <div>
                      S1
                    </div>
                    <span
                      class="sr-only"
                    >
                       (Click to sort Ascending)
                    </span>
                  </th>
                  <th
                    aria-colindex="6"
                    aria-sort="none"
                    class="d-none d-md-table-cell"
                    role="columnheader"
                    scope="col"
                    tabindex="0"
                  >
                    <div>
                      Sum
                    </div>
                    <span
                      class="sr-only"
                    >
                       (Click to sort Ascending)
                    </span>
                  </th>
                  <th
                    aria-colindex="7"
                    aria-sort="none"
                    class=""
                    role="columnheader"
                    scope="col"
                    tabindex="0"
                  >
                    <div>
                      result.result
                    </div>
                    <span
                      class="sr-only"
                    >
                       (Click to sort Ascending)
                    </span>
                  </th>
                  <th
                    aria-colindex="8"
                    aria-sort="none"
                    class="d-none d-sm-table-cell"
                    role="columnheader"
                    scope="col"
                    tabindex="0"
                  >
                    <div>
                      result.info
                    </div>
                    <span
                      class="sr-only"
                    >
                       (Click to sort Ascending)
                    </span>
                  </th>
                  <th
                    aria-colindex="9"
                    aria-sort="none"
                    class=""
                    role="columnheader"
                    scope="col"
                    tabindex="0"
                  >
                    <div>
                      result.details
                    </div>
                    <span
                      class="sr-only"
                    >
                       (Click to sort Ascending)
                    </span>
                  </th>
                </tr>
              </thead>
              <tbody
                role="rowgroup"
              >
                <!---->
                <tr
                  class=""
                  role="row"
                  tabindex="0"
                >
                  <td
                    aria-colindex="1"
                    class=""
                    role="cell"
                  >
                    
              2
            
                  </td>
                  <td
                    aria-colindex="2"
                    class=""
                    role="cell"
                  >
                    <div>
                      
                Phyllis
                Miller
              
                    </div>
                  </td>
                  <td
                    aria-colindex="3"
                    class=""
                    role="cell"
                  >
                    ABC
                  </td>
                  <td
                    aria-colindex="4"
                    class="d-none d-md-table-cell"
                    role="cell"
                  >
                    <div>
                      result.kneeling
                    </div>
                     
                    <div>
                      result.prone
                    </div>
                     
                    <div>
                      result.standing
                    </div>
                  </td>
                  <td
                    aria-colindex="5"
                    class="d-none d-lg-table-cell"
                    role="cell"
                  >
                    <div>
                      
                91
              
                    </div>
                    <div>
                      
                90
              
                    </div>
                  </td>
                  <td
                    aria-colindex="6"
                    class="d-none d-md-table-cell"
                    role="cell"
                  >
                    <div>
                      
                350
              
                    </div>
                    <div>
                      
                367
              
                    </div>
                  </td>
                  <td
                    aria-colindex="7"
                    class=""
                    role="cell"
                  >
                    <div>
                      
                206,4
              
                    </div>
                  </td>
                  <td
                    aria-colindex="8"
                    class="d-none d-sm-table-cell"
                    role="cell"
                  >
                    
              
              
              
                    <div>
                      
                (result.unconfirmed)
              
                    </div>
                  </td>
                  <td
                    aria-colindex="9"
                    class=""
                    role="cell"
                  >
                    <button
                      class="btn btn-outline-info btn-sm"
                      type="button"
                    >
                      
                result.details 
                    </button>
                     
              
                    <!---->
                     
              
                    <!---->
                     
                    <!---->
                  </td>
                </tr>
                <tr
                  class=""
                  role="row"
                  tabindex="0"
                >
                  <td
                    aria-colindex="1"
                    class=""
                    role="cell"
                  >
                    
              1
            
                  </td>
                  <td
                    aria-colindex="2"
                    class=""
                    role="cell"
                  >
                    <div>
                      
                Sara
                Huff
              
                    </div>
                  </td>
                  <td
                    aria-colindex="3"
                    class=""
                    role="cell"
                  >
                    Club
                  </td>
                  <td
                    aria-colindex="4"
                    class="d-none d-md-table-cell"
                    role="cell"
                  >
                    <div>
                      result.kneeling
                    </div>
                     
                    <div>
                      result.prone
                    </div>
                     
                    <div>
                      result.standing
                    </div>
                  </td>
                  <td
                    aria-colindex="5"
                    class="d-none d-lg-table-cell"
                    role="cell"
                  >
                    <div>
                      
                99
              
                    </div>
                    <div>
                      
                91
              
                    </div>
                  </td>
                  <td
                    aria-colindex="6"
                    class="d-none d-md-table-cell"
                    role="cell"
                  >
                    <div>
                      
                381
              
                    </div>
                    <div>
                      
                369
              
                    </div>
                  </td>
                  <td
                    aria-colindex="7"
                    class=""
                    role="cell"
                  >
                    <div>
                      
                200,6
              
                    </div>
                  </td>
                  <td
                    aria-colindex="8"
                    class="d-none d-sm-table-cell"
                    role="cell"
                  >
                    
              Test result
              (SE N)
              
                    <div>
                      
                (result.unconfirmed)
              
                    </div>
                  </td>
                  <td
                    aria-colindex="9"
                    class=""
                    role="cell"
                  >
                    <button
                      class="btn btn-outline-info btn-sm"
                      type="button"
                    >
                      
                result.details 
                    </button>
                     
              
                    <!---->
                     
              
                    <!---->
                     
                    <!---->
                  </td>
                </tr>
                <!---->
                <!---->
              </tbody>
              <!---->
            </table>
          </div>
        </div>
         
        <div>
          <!---->
        </div>
        <div>
          <!---->
        </div>
      </div>
      <div>
        <h4
          class="bg-sal-orange"
        >
          
          M
        
        </h4>
         
        <div>
          <!---->
           
          <!---->
        </div>
        <div>
          <!---->
           
          <div
            class="table-responsive-sm"
          >
            <table
              aria-busy="false"
              aria-colcount="8"
              class="table b-table table-hover table-sm"
              id="__BVID__39"
              role="table"
            >
              <!---->
              <!---->
              <thead
                class=""
                role="rowgroup"
              >
                <!---->
                <tr
                  class=""
                  role="row"
                >
                  <th
                    aria-colindex="1"
                    aria-sort="none"
                    class=""
                    role="columnheader"
                    scope="col"
                    tabindex="0"
                  >
                    <div>
                      #
                    </div>
                    <span
                      class="sr-only"
                    >
                       (Click to sort Ascending)
                    </span>
                  </th>
                  <th
                    aria-colindex="2"
                    aria-sort="none"
                    class=""
                    role="columnheader"
                    scope="col"
                    tabindex="0"
                  >
                    <div>
                      athlete.athlete
                    </div>
                    <span
                      class="sr-only"
                    >
                       (Click to sort Ascending)
                    </span>
                  </th>
                  <th
                    aria-colindex="3"
                    aria-sort="none"
                    class=""
                    role="columnheader"
                    scope="col"
                    tabindex="0"
                  >
                    <div>
                      athlete.club
                    </div>
                    <span
                      class="sr-only"
                    >
                       (Click to sort Ascending)
                    </span>
                  </th>
                  <th
                    aria-colindex="4"
                    aria-sort="none"
                    class="d-none d-md-table-cell"
                    role="columnheader"
                    scope="col"
                    tabindex="0"
                  >
                    <div>
                      result.position
                    </div>
                    <span
                      class="sr-only"
                    >
                       (Click to sort Ascending)
                    </span>
                  </th>
                  <th
                    aria-colindex="5"
                    aria-sort="none"
                    class="d-none d-md-table-cell"
                    role="columnheader"
                    scope="col"
                    tabindex="0"
                  >
                    <div>
                      Sum
                    </div>
                    <span
                      class="sr-only"
                    >
                       (Click to sort Ascending)
                    </span>
                  </th>
                  <th
                    aria-colindex="6"
                    aria-sort="none"
                    class=""
                    role="columnheader"
                    scope="col"
                    tabindex="0"
                  >
                    <div>
                      result.result
                    </div>
                    <span
                      class="sr-only"
                    >
                       (Click to sort Ascending)
                    </span>
                  </th>
                  <th
                    aria-colindex="7"
                    aria-sort="none"
                    class="d-none d-sm-table-cell"
                    role="columnheader"
                    scope="col"
                    tabindex="0"
                  >
                    <div>
                      result.info
                    </div>
                    <span
                      class="sr-only"
                    >
                       (Click to sort Ascending)
                    </span>
                  </th>
                  <th
                    aria-colindex="8"
                    aria-sort="none"
                    class=""
                    role="columnheader"
                    scope="col"
                    tabindex="0"
                  >
                    <div>
                      result.details
                    </div>
                    <span
                      class="sr-only"
                    >
                       (Click to sort Ascending)
                    </span>
                  </th>
                </tr>
              </thead>
              <tbody
                role="rowgroup"
              >
                <!---->
                <tr
                  class=""
                  role="row"
                  tabindex="0"
                >
                  <td
                    aria-colindex="1"
                    class=""
                    role="cell"
                  >
                    
              3
            
                  </td>
                  <td
                    aria-colindex="2"
                    class=""
                    role="cell"
                  >
                    <div>
                      
                Jessica
                Carlson
              
                    </div>
                  </td>
                  <td
                    aria-colindex="3"
                    class=""
                    role="cell"
                  >
                    ABC
                  </td>
                  <td
                    aria-colindex="4"
                    class="d-none d-md-table-cell"
                    role="cell"
                  >
                    <div>
                      result.kneeling
                    </div>
                     
                    <div>
                      result.prone
                    </div>
                     
                    <div>
                      result.standing
                    </div>
                  </td>
                  <td
                    aria-colindex="5"
                    class="d-none d-md-table-cell"
                    role="cell"
                  >
                    <div>
                      
                301
              
                    </div>
                    <div>
                      
                321
              
                    </div>
                  </td>
                  <td
                    aria-colindex="6"
                    class=""
                    role="cell"
                  >
                    <div>
                      
                DNF
                (222)
              
                    </div>
                  </td>
                  <td
                    aria-colindex="7"
                    class="d-none d-sm-table-cell"
                    role="cell"
                  >
                    
              
              
              
                    <div>
                      
                (result.unconfirmed)
              
                    </div>
                  </td>
                  <td
                    aria-colindex="8"
                    class=""
                    role="cell"
                  >
                    <button
                      class="btn btn-outline-info btn-sm"
                      type="button"
                    >
                      
                result.details 
                    </button>
                     
              
                    <!---->
                     
              
                    <!---->
                     
                    <!---->
                  </td>
                </tr>
                <!---->
                <!---->
              </tbody>
              <!---->
            </table>
          </div>
        </div>
         
        <div>
          <!---->
        </div>
      </div>
    </div>
  </div>
</div>
`;
