// Jest Snapshot v1, https://goo.gl/fbAQLP

exports[`CompetitionInformation.vue renders Competition information 1`] = `
<div>
  <b-row-stub
    tag="div"
  >
    <b-col-stub
      tag="div"
    >
      <h2
        class="bg-sal-orange"
      >
        competition.info
      </h2>
    </b-col-stub>
  </b-row-stub>
   
  <b-row-stub
    tag="div"
  >
    <b-col-stub
      tag="div"
    >
      <!---->
    </b-col-stub>
  </b-row-stub>
   
  <!---->
   
  <b-row-stub
    tag="div"
  >
    <b-col-stub
      cols="12"
      tag="div"
    >
      <dl>
        <dt>
          description
        </dt>
         
        <dd>
          EC on the Village Field
        </dd>
      </dl>
    </b-col-stub>
     
    <b-col-stub
      cols="6"
      md="3"
      tag="div"
    >
      <dl>
        <dt>
          date
        </dt>
         
        <dd>
          
          2019-02-23
        
        </dd>
      </dl>
    </b-col-stub>
     
    <b-col-stub
      cols="6"
      md="3"
      tag="div"
    >
      <dl>
        <dt>
          event.event
        </dt>
         
        <dd>
          <a>
            EventName
          </a>
        </dd>
      </dl>
    </b-col-stub>
     
    <b-col-stub
      cols="6"
      md="3"
      tag="div"
    >
      <dl>
        <dt>
          competition.type
        </dt>
         
        <dd>
          10m Competition
        </dd>
      </dl>
    </b-col-stub>
     
    <b-col-stub
      cols="6"
      md="3"
      tag="div"
    >
      <dl>
        <dt>
          competition.level
        </dt>
         
        <dd>
          
          European Championships
        
        </dd>
      </dl>
    </b-col-stub>
     
    <b-col-stub
      cols="6"
      md="3"
      tag="div"
    >
      <dl>
        <dt>
          organizer
        </dt>
         
        <!---->
      </dl>
    </b-col-stub>
     
    <b-col-stub
      cols="6"
      md="3"
      tag="div"
    >
      <dl>
        <dt>
          location
        </dt>
         
        <dd>
          
        </dd>
      </dl>
    </b-col-stub>
     
    <!---->
     
    <b-col-stub
      cols="6"
      md="3"
      tag="div"
    >
      <dl>
        <dt>
          competition.visibility
        </dt>
         
        <!---->
         
        <dd>
          
          competition.hidden
          
          <!---->
        </dd>
      </dl>
    </b-col-stub>
     
    <!---->
     
    <!---->
     
    <!---->
  </b-row-stub>
</div>
`;

exports[`CompetitionInformation.vue show management options for organization user 1`] = `
<div>
  <b-row-stub
    tag="div"
  >
    <b-col-stub
      tag="div"
    >
      <h2
        class="bg-sal-orange"
      >
        competition.info
      </h2>
    </b-col-stub>
  </b-row-stub>
   
  <b-row-stub
    tag="div"
  >
    <b-col-stub
      tag="div"
    >
      <!---->
    </b-col-stub>
  </b-row-stub>
   
  <!---->
   
  <b-row-stub
    tag="div"
  >
    <b-col-stub
      cols="12"
      tag="div"
    >
      <dl>
        <dt>
          description
        </dt>
         
        <dd>
          EC on the Village Field
        </dd>
      </dl>
    </b-col-stub>
     
    <b-col-stub
      cols="6"
      md="3"
      tag="div"
    >
      <dl>
        <dt>
          date
        </dt>
         
        <dd>
          
          2019-02-23
        
        </dd>
      </dl>
    </b-col-stub>
     
    <b-col-stub
      cols="6"
      md="3"
      tag="div"
    >
      <dl>
        <dt>
          event.event
        </dt>
         
        <dd>
          <a>
            EventName
          </a>
        </dd>
      </dl>
    </b-col-stub>
     
    <b-col-stub
      cols="6"
      md="3"
      tag="div"
    >
      <dl>
        <dt>
          competition.type
        </dt>
         
        <dd>
          10m Competition
        </dd>
      </dl>
    </b-col-stub>
     
    <b-col-stub
      cols="6"
      md="3"
      tag="div"
    >
      <dl>
        <dt>
          competition.level
        </dt>
         
        <dd>
          
          European Championships
        
        </dd>
      </dl>
    </b-col-stub>
     
    <b-col-stub
      cols="6"
      md="3"
      tag="div"
    >
      <dl>
        <dt>
          organizer
        </dt>
         
        <!---->
      </dl>
    </b-col-stub>
     
    <b-col-stub
      cols="6"
      md="3"
      tag="div"
    >
      <dl>
        <dt>
          location
        </dt>
         
        <dd>
          
        </dd>
      </dl>
    </b-col-stub>
     
    <!---->
     
    <b-col-stub
      cols="6"
      md="3"
      tag="div"
    >
      <dl>
        <dt>
          competition.visibility
        </dt>
         
        <!---->
         
        <dd>
          
          competition.hidden
          
          <b-button-stub
            size="sm"
            tag="button"
            target="_self"
            type="button"
            variant="outline-success"
          >
            
            competition.publish
          
          </b-button-stub>
        </dd>
      </dl>
    </b-col-stub>
     
    <!---->
     
    <!---->
     
    <!---->
  </b-row-stub>
</div>
`;

exports[`CompetitionInformation.vue show management options for staff 1`] = `
<div>
  <b-row-stub
    tag="div"
  >
    <b-col-stub
      tag="div"
    >
      <h2
        class="bg-sal-orange"
      >
        competition.info
      </h2>
    </b-col-stub>
  </b-row-stub>
   
  <b-row-stub
    tag="div"
  >
    <b-col-stub
      tag="div"
    >
      <!---->
    </b-col-stub>
  </b-row-stub>
   
  <!---->
   
  <b-row-stub
    tag="div"
  >
    <b-col-stub
      cols="12"
      tag="div"
    >
      <dl>
        <dt>
          description
        </dt>
         
        <dd>
          EC on the Village Field
        </dd>
      </dl>
    </b-col-stub>
     
    <b-col-stub
      cols="6"
      md="3"
      tag="div"
    >
      <dl>
        <dt>
          date
        </dt>
         
        <dd>
          
          2019-02-23
        
        </dd>
      </dl>
    </b-col-stub>
     
    <b-col-stub
      cols="6"
      md="3"
      tag="div"
    >
      <dl>
        <dt>
          event.event
        </dt>
         
        <dd>
          <a>
            EventName
          </a>
        </dd>
      </dl>
    </b-col-stub>
     
    <b-col-stub
      cols="6"
      md="3"
      tag="div"
    >
      <dl>
        <dt>
          competition.type
        </dt>
         
        <dd>
          10m Competition
        </dd>
      </dl>
    </b-col-stub>
     
    <b-col-stub
      cols="6"
      md="3"
      tag="div"
    >
      <dl>
        <dt>
          competition.level
        </dt>
         
        <dd>
          
          European Championships
        
        </dd>
      </dl>
    </b-col-stub>
     
    <b-col-stub
      cols="6"
      md="3"
      tag="div"
    >
      <dl>
        <dt>
          organizer
        </dt>
         
        <!---->
      </dl>
    </b-col-stub>
     
    <b-col-stub
      cols="6"
      md="3"
      tag="div"
    >
      <dl>
        <dt>
          location
        </dt>
         
        <dd>
          
        </dd>
      </dl>
    </b-col-stub>
     
    <b-col-stub
      cols="6"
      md="3"
      tag="div"
    >
      <dl>
        <dt>
          competition.status
        </dt>
         
        <!---->
         
        <dd>
          
          competition.unlocked
          
          <b-button-stub
            size="sm"
            tag="button"
            target="_self"
            type="button"
            variant="outline-success"
          >
            
            competition.lock
          
          </b-button-stub>
        </dd>
      </dl>
    </b-col-stub>
     
    <b-col-stub
      cols="6"
      md="3"
      tag="div"
    >
      <dl>
        <dt>
          competition.visibility
        </dt>
         
        <!---->
         
        <dd>
          
          competition.hidden
          
          <b-button-stub
            size="sm"
            tag="button"
            target="_self"
            type="button"
            variant="outline-success"
          >
            
            competition.publish
          
          </b-button-stub>
        </dd>
      </dl>
    </b-col-stub>
     
    <b-col-stub
      cols="6"
      md="3"
      tag="div"
    >
      <dl>
        <dt>
          competition.trial
        </dt>
         
        <!---->
         
        <dd>
          
          no
          
          <b-button-stub
            size="sm"
            tag="button"
            target="_self"
            type="button"
            variant="outline-success"
          >
            
            set
          
          </b-button-stub>
        </dd>
      </dl>
    </b-col-stub>
     
    <b-col-stub
      cols="6"
      md="3"
      tag="div"
    >
      <dl>
        <dt>
          change_log
        </dt>
         
        <dd>
          <b-button-stub
            class="btn-orange btn-sm"
            tag="button"
            target="_self"
            to="[object Object]"
            type="button"
            variant="light"
          >
            change_log
          
          </b-button-stub>
        </dd>
      </dl>
    </b-col-stub>
     
    <b-col-stub
      cols="6"
      md="3"
      tag="div"
    >
      <dl>
        <dt>
          admin
        </dt>
         
        <dd>
          <b-button-stub
            class="btn-orange btn-sm"
            tag="button"
            target="_self"
            to="[object Object]"
            type="button"
            variant="light"
          >
            admin
          
          </b-button-stub>
        </dd>
      </dl>
    </b-col-stub>
  </b-row-stub>
</div>
`;
