// Jest Snapshot v1, https://goo.gl/fbAQLP

exports[`ResultForm.vue renders result form 1`] = `
<div>
  <b-row-stub
    tag="div"
  >
    <b-col-stub
      tag="div"
    >
      <h1>
        result.edit
      </h1>
    </b-col-stub>
     
    <b-col-stub
      tag="div"
    >
      <b-button-stub
        class="btn-orange float-right"
        tag="button"
        target="_self"
        to="[object Object]"
        type="button"
        variant="light"
      >
        change_log
      
      </b-button-stub>
    </b-col-stub>
  </b-row-stub>
   
  <h2
    class="bg-sal-orange"
  >
    result.result
  </h2>
   
  <b-row-stub
    tag="div"
  >
    <b-col-stub
      tag="div"
    >
      <!---->
    </b-col-stub>
  </b-row-stub>
   
  <b-row-stub
    tag="div"
  >
    <b-col-stub
      tag="div"
    >
      <b-form-stub>
        <b-form-group-stub
          feedbackarialive="assertive"
          id="input-group-first-name"
          label="first_name"
          labelfor="input-first-name"
        >
          <b-form-input-stub
            debounce="0"
            formatter="function bvConfigurablePropDefault() {
      var value = getComponentConfig(componentKey, key, prop.default);
      return isFunction(value) ? value() : value;
    }"
            id="first-name"
            type="text"
            value="Master"
          />
        </b-form-group-stub>
         
        <b-form-group-stub
          feedbackarialive="assertive"
          id="input-group-last-name"
          label="last_name"
          labelfor="input-last-name"
        >
          <b-form-input-stub
            debounce="0"
            formatter="function bvConfigurablePropDefault() {
      var value = getComponentConfig(componentKey, key, prop.default);
      return isFunction(value) ? value() : value;
    }"
            id="last-name"
            required="true"
            type="text"
            value="Archery"
          />
        </b-form-group-stub>
         
        <b-form-group-stub
          feedbackarialive="assertive"
          id="input-group-organization"
          label="athlete.club"
          labelfor="input-organization"
        >
          <b-form-select-stub
            disabledfield="disabled"
            htmlfield="html"
            id="input-organization"
            labelfield="label"
            options="[object Object],[object Object],[object Object]"
            optionsfield="options"
            required="true"
            selectsize="0"
            textfield="name"
            value="Club"
            valuefield="id"
          />
        </b-form-group-stub>
         
        <b-form-group-stub
          feedbackarialive="assertive"
          id="input-group-category"
          label="result.category"
          labelfor="input-category"
        >
          <b-form-select-stub
            disabledfield="disabled"
            htmlfield="html"
            id="input-category"
            labelfield="label"
            options="[object Object],[object Object]"
            optionsfield="options"
            required="true"
            selectsize="0"
            textfield="name"
            value="N"
            valuefield="id"
          />
        </b-form-group-stub>
         
        <b-form-group-stub
          feedbackarialive="assertive"
          id="input-group-elimination-category"
          label="result.elimination_category"
          labelfor="input-elimination-category"
        >
          <b-form-select-stub
            disabledfield="disabled"
            htmlfield="html"
            id="input-elimination-category"
            labelfield="label"
            options="[object Object],[object Object]"
            optionsfield="options"
            selectsize="0"
            textfield="name"
            valuefield="id"
          />
        </b-form-group-stub>
         
        <b-form-group-stub
          feedbackarialive="assertive"
          id="input-group-result"
          label="result.result"
          labelfor="input-result"
        >
          <b-form-input-stub
            debounce="0"
            formatter="function bvConfigurablePropDefault() {
      var value = getComponentConfig(componentKey, key, prop.default);
      return isFunction(value) ? value() : value;
    }"
            id="input-result"
            required="true"
            type="text"
            value="200.6"
          />
        </b-form-group-stub>
         
        <b-form-group-stub
          feedbackarialive="assertive"
          id="input-group-decimals"
          label="result.decimals"
          labelfor="input-decimals"
        >
          <b-form-input-stub
            debounce="0"
            formatter="function bvConfigurablePropDefault() {
      var value = getComponentConfig(componentKey, key, prop.default);
      return isFunction(value) ? value() : value;
    }"
            id="input-decimals"
            required="true"
            type="text"
            value="1"
          />
        </b-form-group-stub>
         
        <b-form-group-stub
          feedbackarialive="assertive"
          id="input-group-result-code"
          label="result.result_code"
          labelfor="input-result-code"
        >
          <b-form-input-stub
            debounce="0"
            formatter="function bvConfigurablePropDefault() {
      var value = getComponentConfig(componentKey, key, prop.default);
      return isFunction(value) ? value() : value;
    }"
            id="input-result-code"
            type="text"
            value=""
          />
        </b-form-group-stub>
         
        <b-form-group-stub
          feedbackarialive="assertive"
          id="input-group-position"
          label="result.position"
          labelfor="input-position"
        >
          <b-form-input-stub
            debounce="0"
            formatter="function bvConfigurablePropDefault() {
      var value = getComponentConfig(componentKey, key, prop.default);
      return isFunction(value) ? value() : value;
    }"
            id="input-position"
            type="text"
            value="1"
          />
        </b-form-group-stub>
         
        <b-form-group-stub
          feedbackarialive="assertive"
          id="input-group-position-pre"
          label="result.position_pre"
          labelfor="input-position-pre"
        >
          <b-form-input-stub
            debounce="0"
            formatter="function bvConfigurablePropDefault() {
      var value = getComponentConfig(componentKey, key, prop.default);
      return isFunction(value) ? value() : value;
    }"
            id="input-position-pre"
            type="text"
            value=""
          />
        </b-form-group-stub>
         
        <b-form-group-stub
          feedbackarialive="assertive"
          id="input-group-info"
          label="result.info"
          labelfor="input-info"
        >
          <b-form-input-stub
            debounce="0"
            formatter="function bvConfigurablePropDefault() {
      var value = getComponentConfig(componentKey, key, prop.default);
      return isFunction(value) ? value() : value;
    }"
            id="input-info"
            type="text"
            value="Testing"
          />
        </b-form-group-stub>
         
        <b-form-group-stub
          aria-label="result.approved"
          feedbackarialive="assertive"
          id="input-group-approved"
          labelfor="input-approved"
        >
          <b-form-checkbox-stub
            id="input-approved"
            name="checkbox-approved"
            uncheckedvalue="false"
            value="true"
          >
            
            result.approved
          
          </b-form-checkbox-stub>
        </b-form-group-stub>
         
        <b-button-stub
          class="btn-orange space-right space-down"
          tag="button"
          target="_self"
          type="submit"
          variant="light"
        >
          <section>
            update
          </section>
        </b-button-stub>
         
        <b-button-stub
          class="btn-danger space-right space-down"
          tag="button"
          target="_self"
          type="button"
          variant="secondary"
        >
          
          remove
        
        </b-button-stub>
      </b-form-stub>
    </b-col-stub>
  </b-row-stub>
   
  <b-row-stub
    tag="div"
  >
    <b-col-stub
      tag="div"
    >
      <h2
        class="bg-sal-orange"
      >
        result.partial
      </h2>
    </b-col-stub>
  </b-row-stub>
   
  <b-form-stub>
    <b-row-stub
      tag="div"
    >
      <b-col-stub
        tag="div"
      >
        <!---->
      </b-col-stub>
    </b-row-stub>
     
    <b-row-stub
      tag="div"
    >
      <b-col-stub
        tag="div"
      >
        <b-form-group-stub
          feedbackarialive="assertive"
          id="partial-undefined-1"
          label="result.type"
          labelfor="input-type"
        >
          <b-form-select-stub
            disabledfield="disabled"
            htmlfield="html"
            id="input-type"
            labelfield="label"
            options="[object Object],[object Object],[object Object],[object Object],[object Object],[object Object],[object Object]"
            optionsfield="options"
            required="true"
            selectsize="0"
            textfield="name"
            value="[object Object]"
            valuefield="id"
          />
        </b-form-group-stub>
      </b-col-stub>
       
      <b-col-stub
        tag="div"
      >
        <b-form-group-stub
          feedbackarialive="assertive"
          id="partial-undefined-2"
          label="result.order"
          labelfor="input-order"
        >
          <b-form-input-stub
            debounce="0"
            formatter="function bvConfigurablePropDefault() {
      var value = getComponentConfig(componentKey, key, prop.default);
      return isFunction(value) ? value() : value;
    }"
            id="input-order"
            required="true"
            type="text"
            value="1"
          />
        </b-form-group-stub>
      </b-col-stub>
       
      <b-col-stub
        tag="div"
      >
        <b-form-group-stub
          feedbackarialive="assertive"
          id="partial-undefined-3"
          label="result.result"
          labelfor="input-value"
        >
          <b-form-input-stub
            debounce="0"
            formatter="function bvConfigurablePropDefault() {
      var value = getComponentConfig(componentKey, key, prop.default);
      return isFunction(value) ? value() : value;
    }"
            id="input-value"
            type="text"
            value="49.200"
          />
        </b-form-group-stub>
      </b-col-stub>
       
      <b-col-stub
        tag="div"
      >
        <b-form-group-stub
          feedbackarialive="assertive"
          id="partial-undefined-4"
          label="result.decimals"
          labelfor="input-decimals"
        >
          <b-form-input-stub
            debounce="0"
            formatter="function bvConfigurablePropDefault() {
      var value = getComponentConfig(componentKey, key, prop.default);
      return isFunction(value) ? value() : value;
    }"
            id="input-decimals"
            required="true"
            type="text"
            value="1"
          />
        </b-form-group-stub>
      </b-col-stub>
       
      <b-col-stub
        tag="div"
      >
        <b-form-group-stub
          feedbackarialive="assertive"
          id="partial-undefined-5"
          label="result.timestamp"
          labelfor="input-time"
        >
          <b-form-input-stub
            debounce="0"
            formatter="function bvConfigurablePropDefault() {
      var value = getComponentConfig(componentKey, key, prop.default);
      return isFunction(value) ? value() : value;
    }"
            id="input-time"
            type="text"
          />
        </b-form-group-stub>
      </b-col-stub>
       
      <b-col-stub
        tag="div"
      >
        <b-form-group-stub
          feedbackarialive="assertive"
          id="partial-undefined-6"
          label="result.text"
          labelfor="input-text"
        >
          <b-form-input-stub
            debounce="0"
            formatter="function bvConfigurablePropDefault() {
      var value = getComponentConfig(componentKey, key, prop.default);
      return isFunction(value) ? value() : value;
    }"
            id="input-text"
            type="text"
            value=""
          />
        </b-form-group-stub>
      </b-col-stub>
       
      <b-col-stub
        tag="div"
      >
        <b-form-group-stub
          feedbackarialive="assertive"
          id="partial-undefined-7"
          label="update"
          labelfor="save-result"
        >
          <b-button-stub
            class="btn-orange space-right"
            tag="button"
            target="_self"
            type="submit"
            variant="light"
          >
            
            update
          
          </b-button-stub>
        </b-form-group-stub>
      </b-col-stub>
       
      <b-col-stub
        tag="div"
      >
        <b-form-group-stub
          feedbackarialive="assertive"
          id="partial-undefined-8"
          label="remove"
          labelfor="save-result"
        >
          <b-button-stub
            class="btn-danger space-right"
            tag="button"
            target="_self"
            type="button"
            variant="secondary"
          >
            
            remove
          
          </b-button-stub>
        </b-form-group-stub>
      </b-col-stub>
    </b-row-stub>
  </b-form-stub>
   
  <b-row-stub
    tag="div"
  >
    <b-col-stub
      tag="div"
    >
      <h3
        class="bg-sal-orange"
      >
        result.create_partial
      </h3>
    </b-col-stub>
  </b-row-stub>
   
  <b-row-stub
    tag="div"
  >
    <b-col-stub
      tag="div"
    >
      <!---->
    </b-col-stub>
  </b-row-stub>
   
  <b-form-stub>
    <b-row-stub
      tag="div"
    >
      <b-col-stub
        tag="div"
      >
        <b-form-group-stub
          feedbackarialive="assertive"
          id="partial-add-1"
          label="result.type"
          labelfor="input-type"
        >
          <b-form-select-stub
            disabledfield="disabled"
            htmlfield="html"
            id="input-type"
            labelfield="label"
            options="[object Object],[object Object],[object Object],[object Object],[object Object],[object Object],[object Object]"
            optionsfield="options"
            required="true"
            selectsize="0"
            textfield="name"
            valuefield="id"
          />
        </b-form-group-stub>
      </b-col-stub>
       
      <b-col-stub
        tag="div"
      >
        <b-form-group-stub
          feedbackarialive="assertive"
          id="partial-add-2"
          label="result.order"
          labelfor="input-order"
        >
          <b-form-input-stub
            debounce="0"
            formatter="function bvConfigurablePropDefault() {
      var value = getComponentConfig(componentKey, key, prop.default);
      return isFunction(value) ? value() : value;
    }"
            id="input-order"
            required="true"
            type="text"
            value=""
          />
        </b-form-group-stub>
      </b-col-stub>
       
      <b-col-stub
        tag="div"
      >
        <b-form-group-stub
          feedbackarialive="assertive"
          id="partial-add-3"
          label="result.result"
          labelfor="input-value"
        >
          <b-form-input-stub
            debounce="0"
            formatter="function bvConfigurablePropDefault() {
      var value = getComponentConfig(componentKey, key, prop.default);
      return isFunction(value) ? value() : value;
    }"
            id="input-value"
            required="true"
            type="text"
            value=""
          />
        </b-form-group-stub>
      </b-col-stub>
       
      <b-col-stub
        tag="div"
      >
        <b-form-group-stub
          feedbackarialive="assertive"
          id="partial-add-4"
          label="result.decimals"
          labelfor="input-decimals"
        >
          <b-form-input-stub
            debounce="0"
            formatter="function bvConfigurablePropDefault() {
      var value = getComponentConfig(componentKey, key, prop.default);
      return isFunction(value) ? value() : value;
    }"
            id="input-decimals"
            required="true"
            type="text"
            value=""
          />
        </b-form-group-stub>
      </b-col-stub>
       
      <b-col-stub
        tag="div"
      >
        <b-form-group-stub
          feedbackarialive="assertive"
          id="partial-add-5"
          label="result.timestamp"
          labelfor="input-time"
        >
          <b-form-input-stub
            debounce="0"
            formatter="function bvConfigurablePropDefault() {
      var value = getComponentConfig(componentKey, key, prop.default);
      return isFunction(value) ? value() : value;
    }"
            id="input-time"
            type="text"
            value=""
          />
        </b-form-group-stub>
      </b-col-stub>
       
      <b-col-stub
        tag="div"
      >
        <b-form-group-stub
          feedbackarialive="assertive"
          id="partial-add-6"
          label="update"
          labelfor="save-result"
        >
          <b-button-stub
            class="btn-orange space-right"
            tag="button"
            target="_self"
            type="submit"
            variant="light"
          >
            
            create
          
          </b-button-stub>
        </b-form-group-stub>
      </b-col-stub>
    </b-row-stub>
  </b-form-stub>
</div>
`;
