// Jest Snapshot v1, https://goo.gl/fbAQLP

exports[`StatisticsForm.vue renders statistics search form 1`] = `
<div>
  <b-row-stub
    tag="div"
  >
    <b-col-stub
      tag="div"
    >
      <!---->
    </b-col-stub>
  </b-row-stub>
   
  <!---->
   
  <b-form-stub>
    <b-row-stub
      tag="div"
    >
      <b-col-stub
        cols="12"
        md="6"
        tag="div"
        xl="4"
      >
        <b-form-group-stub
          description="statistics.choose_multiple"
          feedbackarialive="assertive"
          id="input-group-category"
          label="result.category"
          labelfor="input-category"
        >
          <b-form-select-stub
            disabledfield="disabled"
            htmlfield="html"
            id="input-category"
            labelfield="label"
            multiple="true"
            options="[object Object],[object Object]"
            optionsfield="options"
            selectsize="0"
            textfield="name"
            value=""
            valuefield="id"
          />
        </b-form-group-stub>
      </b-col-stub>
       
      <b-col-stub
        cols="12"
        md="6"
        tag="div"
        xl="4"
      >
        <b-form-group-stub
          description="statistics.choose_multiple"
          feedbackarialive="assertive"
          id="input-group-competition-level"
          label="competition.level"
          labelfor="input-competition-level"
        >
          <b-form-select-stub
            disabledfield="disabled"
            htmlfield="html"
            id="input-competition-level"
            labelfield="label"
            multiple="true"
            options="[object Object]"
            optionsfield="options"
            selectsize="0"
            textfield="name"
            value=""
            valuefield="id"
          />
        </b-form-group-stub>
      </b-col-stub>
       
      <b-col-stub
        cols="12"
        md="6"
        tag="div"
        xl="4"
      >
        <b-form-group-stub
          description="statistics.choose_multiple"
          feedbackarialive="assertive"
          id="input-group-competition-type"
          label="competition.type"
          labelfor="input-competition-type"
        >
          <b-form-select-stub
            disabledfield="disabled"
            htmlfield="html"
            id="input-competition-type"
            labelfield="label"
            multiple="true"
            options="[object Object]"
            optionsfield="options"
            selectsize="0"
            textfield="name"
            value=""
            valuefield="id"
          />
        </b-form-group-stub>
      </b-col-stub>
       
      <b-col-stub
        cols="12"
        md="6"
        tag="div"
        xl="4"
      >
        <b-form-group-stub
          feedbackarialive="assertive"
          id="input-group-date-start"
          label="date_start"
          labelfor="input-date-start"
        >
          <b-form-input-stub
            debounce="0"
            formatter="function bvConfigurablePropDefault() {
      var value = getComponentConfig(componentKey, key, prop.default);
      return isFunction(value) ? value() : value;
    }"
            id="input-date-start"
            type="date"
          />
        </b-form-group-stub>
         
        <b-form-group-stub
          feedbackarialive="assertive"
          id="input-group-date-end"
          label="date_end"
          labelfor="input-date-end"
        >
          <b-form-input-stub
            debounce="0"
            formatter="function bvConfigurablePropDefault() {
      var value = getComponentConfig(componentKey, key, prop.default);
      return isFunction(value) ? value() : value;
    }"
            id="input-date-end"
            type="date"
          />
           
          <b-button-stub
            class="btn-orange space-right space-top"
            size="sm"
            tag="button"
            target="_self"
            type="button"
            variant="light"
          >
            
            statistics.current_year
          
          </b-button-stub>
        </b-form-group-stub>
      </b-col-stub>
       
      <b-col-stub
        cols="12"
        md="6"
        tag="div"
        xl="4"
      >
        <b-form-group-stub
          description="statistics.choose_multiple"
          feedbackarialive="assertive"
          id="input-group-organization"
          label="athlete.club"
          labelfor="input-organization"
        >
          <b-form-select-stub
            disabledfield="disabled"
            htmlfield="html"
            id="input-organization"
            labelfield="label"
            multiple="true"
            options="[object Object],[object Object]"
            optionsfield="options"
            selectsize="0"
            textfield="name"
            value=""
            valuefield="id"
          />
        </b-form-group-stub>
      </b-col-stub>
       
      <b-col-stub
        cols="12"
        md="6"
        tag="div"
        xl="4"
      >
        <b-form-group-stub
          feedbackarialive="assertive"
          id="input-group-max-results"
          label="search.max_results"
          labelfor="input-max-results"
        >
          <b-form-select-stub
            disabledfield="disabled"
            htmlfield="html"
            id="input-max-results"
            labelfield="label"
            options=""
            optionsfield="options"
            selectsize="0"
            textfield="text"
            value="25"
            valuefield="value"
          >
            <option
              value="10"
            >
              
              10
            
            </option>
            <option
              value="25"
            >
              
              25
            
            </option>
            <option
              value="50"
            >
              
              50
            
            </option>
            <option
              value="100"
            >
              
              100
            
            </option>
          </b-form-select-stub>
           
          <b-form-checkbox-stub
            id="checkbox-approved"
            name="checkbox-approved"
            value="true"
          >
            
            statistics.approved_only
          
          </b-form-checkbox-stub>
           
          <b-form-checkbox-stub
            id="checkbox-trial"
            name="checkbox-trial"
            value="true"
          >
            
            statistics.trial_only
          
          </b-form-checkbox-stub>
           
          <b-form-checkbox-stub
            id="checkbox-external"
            name="checkbox-external"
            value="true"
          >
            
            statistics.external
          
          </b-form-checkbox-stub>
        </b-form-group-stub>
      </b-col-stub>
       
      <b-col-stub
        cols="12"
        md="6"
        tag="div"
        xl="4"
      >
        <b-form-group-stub
          description="statistics.group_results_description"
          feedbackarialive="assertive"
          id="input-group-group-results"
          label="statistics.group_results"
          labelfor="input-group-results"
        >
          <b-form-select-stub
            disabledfield="disabled"
            htmlfield="html"
            id="input-group-results"
            labelfield="label"
            options=""
            optionsfield="options"
            selectsize="0"
            textfield="text"
            value=""
            valuefield="value"
          >
            <option
              value=""
            >
              
              
            
            </option>
            <option
              value="1"
            >
              
              1
            
            </option>
            <option
              value="2"
            >
              
              2
            
            </option>
            <option
              value="3"
            >
              
              3
            
            </option>
            <option
              value="4"
            >
              
              4
            
            </option>
            <option
              value="5"
            >
              
              5
            
            </option>
            <option
              value="6"
            >
              
              6
            
            </option>
            <option
              value="7"
            >
              
              7
            
            </option>
            <option
              value="8"
            >
              
              8
            
            </option>
            <option
              value="9"
            >
              
              9
            
            </option>
            <option
              value="10"
            >
              
              10
            
            </option>
          </b-form-select-stub>
        </b-form-group-stub>
      </b-col-stub>
       
      <b-col-stub
        cols="12"
        md="6"
        tag="div"
        xl="4"
      >
        <b-form-group-stub
          feedbackarialive="assertive"
          id="input-group-gender"
          label="statistics.gender"
          labelfor="input-gender"
        >
          <b-form-select-stub
            disabledfield="disabled"
            htmlfield="html"
            id="input-gender"
            labelfield="label"
            options=""
            optionsfield="options"
            selectsize="0"
            textfield="text"
            value=""
            valuefield="value"
          >
            <b-form-select-option-stub
              value=""
            />
             
            <b-form-select-option-stub
              value="M"
            >
              statistics.man
            </b-form-select-option-stub>
             
            <b-form-select-option-stub
              value="W"
            >
              statistics.woman
            </b-form-select-option-stub>
          </b-form-select-stub>
        </b-form-group-stub>
      </b-col-stub>
       
      <b-col-stub
        cols="12"
        md="6"
        tag="div"
        xl="4"
      >
        <b-form-group-stub
          feedbackarialive="assertive"
          id="input-group-buttons"
          labelfor="input-buttons"
        >
          <b-button-stub
            class="btn-orange space-right"
            tag="button"
            target="_self"
            type="submit"
            variant="light"
          >
            
            search.search
          </b-button-stub>
           
          <b-button-stub
            tag="button"
            target="_self"
            type="reset"
            variant="danger"
          >
            reset
          </b-button-stub>
          <br />
           
          <b-button-stub
            class="btn-orange space-right space-top"
            pressed="true"
            tag="button"
            target="_self"
            type="button"
            variant="light"
          >
            
            statistics.show_extras
          
          </b-button-stub>
        </b-form-group-stub>
      </b-col-stub>
    </b-row-stub>
  </b-form-stub>
   
  <!---->
   
  <!---->
</div>
`;
