// Jest Snapshot v1, https://goo.gl/fbAQLP

exports[`StatisticsResults.vue renders result list 1`] = `
<div>
  <div
    class="row"
  >
    <div
      class="col"
    >
      <h3
        class="bg-sal-orange"
      >
        result.result
      </h3>
    </div>
  </div>
   
  <div
    class="row"
  >
    <div
      class="col"
    >
      <!---->
    </div>
  </div>
   
  <div
    class="row"
  >
    <div
      class="col"
    >
      <!---->
       
      <p
        class="text-right"
      >
        
        search.count: 2
      
      </p>
       
      <table
        aria-busy="false"
        aria-colcount="9"
        class="table b-table table-sm"
        id="__BVID__7"
        role="table"
      >
        <!---->
        <!---->
        <thead
          class=""
          role="rowgroup"
        >
          <!---->
          <tr
            class=""
            role="row"
          >
            <th
              aria-colindex="1"
              class=""
              role="columnheader"
              scope="col"
            >
              <div>
                #
              </div>
            </th>
            <th
              aria-colindex="2"
              class=""
              role="columnheader"
              scope="col"
            >
              <div>
                athlete.athlete
              </div>
            </th>
            <th
              aria-colindex="3"
              class="d-none d-md-table-cell"
              role="columnheader"
              scope="col"
            >
              <div>
                athlete.club
              </div>
            </th>
            <th
              aria-colindex="4"
              class=""
              role="columnheader"
              scope="col"
            >
              <div>
                result.category
              </div>
            </th>
            <th
              aria-colindex="5"
              class=""
              role="columnheader"
              scope="col"
            >
              <div>
                result.result
              </div>
            </th>
            <th
              aria-colindex="6"
              class=""
              role="columnheader"
              scope="col"
            >
              <div>
                competition.type
              </div>
            </th>
            <th
              aria-colindex="7"
              class="d-none d-md-table-cell"
              role="columnheader"
              scope="col"
            >
              <div>
                competition.level
              </div>
            </th>
            <th
              aria-colindex="8"
              class="d-none d-lg-table-cell"
              role="columnheader"
              scope="col"
            >
              <div>
                competition.competition
              </div>
            </th>
            <th
              aria-colindex="9"
              class="d-none d-lg-table-cell"
              role="columnheader"
              scope="col"
            >
              <div>
                date
              </div>
            </th>
          </tr>
        </thead>
        <tbody
          role="rowgroup"
        >
          <!---->
          <tr
            class=""
            role="row"
          >
            <td
              aria-colindex="1"
              class=""
              role="cell"
            >
              <div>
                <div>
                  
              1
            
                </div>
              </div>
            </td>
            <td
              aria-colindex="2"
              class=""
              role="cell"
            >
              <div>
                <a>
                  
              Sara
              Huffy
            
                </a>
              </div>
            </td>
            <td
              aria-colindex="3"
              class="d-none d-md-table-cell"
              role="cell"
            >
              Club
            </td>
            <td
              aria-colindex="4"
              class=""
              role="cell"
            >
              N
            </td>
            <td
              aria-colindex="5"
              class=""
              role="cell"
            >
              
          200,6
        
            </td>
            <td
              aria-colindex="6"
              class=""
              role="cell"
            >
              50MC
            </td>
            <td
              aria-colindex="7"
              class="d-none d-md-table-cell"
              role="cell"
            >
              NC
            </td>
            <td
              aria-colindex="8"
              class="d-none d-lg-table-cell"
              role="cell"
            >
              <a>
                
            Demo Comp
          
              </a>
            </td>
            <td
              aria-colindex="9"
              class="d-none d-lg-table-cell"
              role="cell"
            >
              <div>
                
            2019-01-23
          
              </div>
            </td>
          </tr>
          <tr
            class=""
            role="row"
          >
            <td
              aria-colindex="1"
              class=""
              role="cell"
            >
              <div>
                <div>
                  
              2
            
                </div>
              </div>
            </td>
            <td
              aria-colindex="2"
              class=""
              role="cell"
            >
              <div>
                <a>
                  
              Phyllis
              Miller
            
                </a>
              </div>
            </td>
            <td
              aria-colindex="3"
              class="d-none d-md-table-cell"
              role="cell"
            >
              ABC
            </td>
            <td
              aria-colindex="4"
              class=""
              role="cell"
            >
              N
            </td>
            <td
              aria-colindex="5"
              class=""
              role="cell"
            >
              
          206,4
        
            </td>
            <td
              aria-colindex="6"
              class=""
              role="cell"
            >
              50MC
            </td>
            <td
              aria-colindex="7"
              class="d-none d-md-table-cell"
              role="cell"
            >
              NC
            </td>
            <td
              aria-colindex="8"
              class="d-none d-lg-table-cell"
              role="cell"
            >
              <a>
                
            Demo Comp
          
              </a>
            </td>
            <td
              aria-colindex="9"
              class="d-none d-lg-table-cell"
              role="cell"
            >
              <div>
                
            2019-01-23
          
              </div>
            </td>
          </tr>
          <tr
            class=""
            role="row"
          >
            <td
              aria-colindex="1"
              class=""
              role="cell"
            >
              <div>
                <div>
                  
              3
            
                </div>
              </div>
            </td>
            <td
              aria-colindex="2"
              class=""
              role="cell"
            >
              <div>
                <a>
                  
              Jessica
              Carlson
            
                </a>
              </div>
            </td>
            <td
              aria-colindex="3"
              class="d-none d-md-table-cell"
              role="cell"
            >
              ABC
            </td>
            <td
              aria-colindex="4"
              class=""
              role="cell"
            >
              M
            </td>
            <td
              aria-colindex="5"
              class=""
              role="cell"
            >
              
          222
        
            </td>
            <td
              aria-colindex="6"
              class=""
              role="cell"
            >
              50MC
            </td>
            <td
              aria-colindex="7"
              class="d-none d-md-table-cell"
              role="cell"
            >
              NC
            </td>
            <td
              aria-colindex="8"
              class="d-none d-lg-table-cell"
              role="cell"
            >
              <a>
                
            Demo Comp
          
              </a>
            </td>
            <td
              aria-colindex="9"
              class="d-none d-lg-table-cell"
              role="cell"
            >
              <div>
                
            2019-01-23
          
              </div>
            </td>
          </tr>
          <!---->
          <!---->
        </tbody>
        <!---->
      </table>
       
      <div
        style="display: none;"
      >
        <span
          class="spinner-border"
          role="status"
        >
          <span
            class="sr-only"
          >
            Loading...
          </span>
        </span>
      </div>
    </div>
  </div>
</div>
`;
