// Jest Snapshot v1, https://goo.gl/fbAQLP

exports[`Statistics.vue renders content 1`] = `
<div>
  <b-row-stub
    tag="div"
  >
    <b-col-stub
      tag="div"
    >
      <h1>
        statistics.statistics
      </h1>
    </b-col-stub>
  </b-row-stub>
   
  <b-row-stub
    tag="div"
  >
    <b-col-stub
      tag="div"
    >
      <b-button-stub
        class="btn-orange space-right space-down"
        tag="button"
        target="_self"
        to="[object Object]"
        type="button"
        variant="light"
      >
        
        statistics.search
      
      </b-button-stub>
       
      <b-button-stub
        class="btn-orange space-right space-down"
        tag="button"
        target="_self"
        to="[object Object]"
        type="button"
        variant="light"
      >
        
        statistics.qualification
      
      </b-button-stub>
       
      <b-button-stub
        class="btn-orange space-right space-down"
        tag="button"
        target="_self"
        to="[object Object]"
        type="button"
        variant="light"
      >
        
        sjal.ranking
      
      </b-button-stub>
       
      <b-button-stub
        class="btn-orange space-right space-down"
        tag="button"
        target="_self"
        to="[object Object]"
        type="button"
        variant="light"
      >
        
        sjal.divari.divari
      
      </b-button-stub>
    </b-col-stub>
  </b-row-stub>
</div>
`;
